#-----------------------------------------------------------
# Vivado v2018.3 (64-bit)
# SW Build 2405991 on Thu Dec  6 23:38:27 MST 2018
# IP Build 2404404 on Fri Dec  7 01:43:56 MST 2018
# Start of session at: Sat Dec 27 14:40:33 2025
# Process ID: 11056
# Current directory: C:/Users/28482/Desktop/shudian design/vending_machine
# Command line: vivado.exe -gui_launcher_event rodinguilauncherevent20536 C:\Users\28482\Desktop\shudian design\vending_machine\vending_machine.xpr
# Log file: C:/Users/28482/Desktop/shudian design/vending_machine/vivado.log
# Journal file: C:/Users/28482/Desktop/shudian design/vending_machine\vivado.jou
#-----------------------------------------------------------
start_gui
open_project {C:/Users/28482/Desktop/shudian design/vending_machine/vending_machine.xpr}
Scanning sources...
Finished scanning sources
INFO: [IP_Flow 19-234] Refreshing IP repositories
INFO: [IP_Flow 19-1704] No user IP repositories specified
INFO: [IP_Flow 19-2313] Loaded Vivado IP repository 'C:/Xilinx/Vivado/2018.3/data/ip'.
update_compile_order -fileset sources_1
open_hw
connect_hw_server
INFO: [Labtools 27-2285] Connecting to hw_server url TCP:localhost:3121
INFO: [Labtools 27-2222] Launching hw_server...
INFO: [Labtools 27-2221] Launch Output:

****** Xilinx hw_server v2018.3
  **** Build date : Dec  7 2018-00:40:27
    ** Copyright 1986-2018 Xilinx, Inc. All Rights Reserved.


open_hw_target
INFO: [Labtoolstcl 44-466] Opening hw_target localhost:3121/xilinx_tcf/Digilent/210299011758
set_property PROGRAM.FILE {C:/Users/28482/Desktop/shudian design/vending_machine/vending_machine.runs/impl_1/top.bit} [get_hw_devices xc7a100t_0]
current_hw_device [get_hw_devices xc7a100t_0]
refresh_hw_device -update_hw_probes false [lindex [get_hw_devices xc7a100t_0] 0]
INFO: [Labtools 27-1435] Device xc7a100t (JTAG device index = 0) is not programmed (DONE status = 0).
set_property PROBES.FILE {} [get_hw_devices xc7a100t_0]
set_property FULL_PROBES.FILE {} [get_hw_devices xc7a100t_0]
set_property PROGRAM.FILE {C:/Users/28482/Desktop/shudian design/vending_machine/vending_machine.runs/impl_1/top.bit} [get_hw_devices xc7a100t_0]
program_hw_devices [get_hw_devices xc7a100t_0]
INFO: [Labtools 27-3164] End of startup status: HIGH
refresh_hw_device [lindex [get_hw_devices xc7a100t_0] 0]
INFO: [Labtools 27-1434] Device xc7a100t (JTAG device index = 0) is programmed with a design that has no supported debug core(s) in it.
ERROR: [Labtoolstcl 44-513] HW Target shutdown. Closing target: localhost:3121/xilinx_tcf/Digilent/210299011758
close_hw
launch_simulation
INFO: [Vivado 12-5682] Launching behavioral simulation in 'C:/Users/28482/Desktop/shudian design/vending_machine/vending_machine.sim/sim_1/behav/xsim'
INFO: [SIM-utils-51] Simulation object is 'sim_1'
INFO: [SIM-utils-54] Inspecting design source files for 'top_tb' in fileset 'sim_1'...
INFO: [USF-XSim-97] Finding global include files...
INFO: [USF-XSim-98] Fetching design files from 'sim_1'...
INFO: [USF-XSim-2] XSim::Compile design
INFO: [USF-XSim-61] Executing 'COMPILE and ANALYZE' step in 'C:/Users/28482/Desktop/shudian design/vending_machine/vending_machine.sim/sim_1/behav/xsim'
"xvlog --incr --relax -prj top_tb_vlog.prj"
INFO: [VRFC 10-2263] Analyzing Verilog file "C:/Users/28482/Desktop/shudian design/vending_machine/vending_machine.srcs/sources_1/new/Tube.v" into library xil_defaultlib
INFO: [VRFC 10-311] analyzing module Tube
INFO: [VRFC 10-2263] Analyzing Verilog file "C:/Users/28482/Desktop/shudian design/vending_machine/vending_machine.srcs/sources_1/new/Tube_Display.v" into library xil_defaultlib
INFO: [VRFC 10-311] analyzing module Tube_Display
INFO: [VRFC 10-2263] Analyzing Verilog file "C:/Users/28482/Desktop/shudian design/vending_machine/vending_machine.srcs/sources_1/new/top.v" into library xil_defaultlib
INFO: [VRFC 10-311] analyzing module top
INFO: [VRFC 10-2263] Analyzing Verilog file "C:/Users/28482/Desktop/shudian design/vending_machine/vending_machine.srcs/sources_1/new/vending_machine.v" into library xil_defaultlib
INFO: [VRFC 10-311] analyzing module vending_machine
INFO: [VRFC 10-2263] Analyzing Verilog file "C:/Users/28482/Desktop/shudian design/vending_machine/vending_machine.srcs/sim_1/new/top_tb.v" into library xil_defaultlib
INFO: [VRFC 10-311] analyzing module top_tb
INFO: [USF-XSim-69] 'compile' step finished in '1' seconds
INFO: [USF-XSim-3] XSim::Elaborate design
INFO: [USF-XSim-61] Executing 'ELABORATE' step in 'C:/Users/28482/Desktop/shudian design/vending_machine/vending_machine.sim/sim_1/behav/xsim'
Vivado Simulator 2018.3
Copyright 1986-1999, 2001-2018 Xilinx, Inc. All Rights Reserved.
Running: C:/Xilinx/Vivado/2018.3/bin/unwrapped/win64.o/xelab.exe -wto 67f1041bc0ca46e9902909783583caac --incr --debug typical --relax --mt 2 -L xil_defaultlib -L unisims_ver -L unimacro_ver -L secureip --snapshot top_tb_behav xil_defaultlib.top_tb xil_defaultlib.glbl -log elaborate.log 
Using 2 slave threads.
Starting static elaboration
Completed static elaboration
Starting simulation data flow analysis
Completed simulation data flow analysis
Time Resolution for simulation is 1ps
Compiling module xil_defaultlib.vending_machine
Compiling module xil_defaultlib.Tube
Compiling module xil_defaultlib.Tube_Display
Compiling module xil_defaultlib.top
Compiling module xil_defaultlib.top_tb
Compiling module xil_defaultlib.glbl
Built simulation snapshot top_tb_behav
INFO: [USF-XSim-69] 'elaborate' step finished in '1' seconds
INFO: [USF-XSim-4] XSim::Simulate design
INFO: [USF-XSim-61] Executing 'SIMULATE' step in 'C:/Users/28482/Desktop/shudian design/vending_machine/vending_machine.sim/sim_1/behav/xsim'
INFO: [USF-XSim-98] *** Running xsim
   with args "top_tb_behav -key {Behavioral:sim_1:Functional:top_tb} -tclbatch {top_tb.tcl} -log {simulate.log}"
INFO: [USF-XSim-8] Loading simulator feature
Vivado Simulator 2018.3
Time resolution is 1 ps
source top_tb.tcl
# set curr_wave [current_wave_config]
# if { [string length $curr_wave] == 0 } {
#   if { [llength [get_objects]] > 0} {
#     add_wave /
#     set_property needs_save false [current_wave_config]
#   } else {
#      send_msg_id Add_Wave-1 WARNING "No top level signals found. Simulator will start without a wave window. If you want to open a wave window go to 'File->New Waveform Configuration' or type 'create_wave_config' in the TCL console."
#   }
# }
# run 1000ns
INFO: [USF-XSim-96] XSim completed. Design snapshot 'top_tb_behav' loaded.
INFO: [USF-XSim-97] XSim simulation ran for 1000ns
launch_simulation: Time (s): cpu = 00:00:02 ; elapsed = 00:00:07 . Memory (MB): peak = 1771.719 ; gain = 71.387
close_sim
INFO: [Simtcl 6-16] Simulation closed
synth_design -rtl -name rtl_1
Command: synth_design -rtl -name rtl_1
Starting synth_design
Using part: xc7a100tcsg324-2L
Top: top
---------------------------------------------------------------------------------
Starting RTL Elaboration : Time (s): cpu = 00:00:01 ; elapsed = 00:00:01 . Memory (MB): peak = 1825.699 ; gain = 53.980
---------------------------------------------------------------------------------
INFO: [Synth 8-6157] synthesizing module 'top' [C:/Users/28482/Desktop/shudian design/vending_machine/vending_machine.srcs/sources_1/new/top.v:3]
INFO: [Synth 8-6157] synthesizing module 'vending_machine' [C:/Users/28482/Desktop/shudian design/vending_machine/vending_machine.srcs/sources_1/new/vending_machine.v:3]
INFO: [Synth 8-6155] done synthesizing module 'vending_machine' (1#1) [C:/Users/28482/Desktop/shudian design/vending_machine/vending_machine.srcs/sources_1/new/vending_machine.v:3]
INFO: [Synth 8-6157] synthesizing module 'Tube_Display' [C:/Users/28482/Desktop/shudian design/vending_machine/vending_machine.srcs/sources_1/new/Tube_Display.v:23]
INFO: [Synth 8-6157] synthesizing module 'Tube' [C:/Users/28482/Desktop/shudian design/vending_machine/vending_machine.srcs/sources_1/new/Tube.v:3]
INFO: [Synth 8-6155] done synthesizing module 'Tube' (2#1) [C:/Users/28482/Desktop/shudian design/vending_machine/vending_machine.srcs/sources_1/new/Tube.v:3]
INFO: [Synth 8-6155] done synthesizing module 'Tube_Display' (3#1) [C:/Users/28482/Desktop/shudian design/vending_machine/vending_machine.srcs/sources_1/new/Tube_Display.v:23]
INFO: [Synth 8-6155] done synthesizing module 'top' (4#1) [C:/Users/28482/Desktop/shudian design/vending_machine/vending_machine.srcs/sources_1/new/top.v:3]
WARNING: [Synth 8-3331] design vending_machine has unconnected port SW[30]
WARNING: [Synth 8-3331] design vending_machine has unconnected port SW[29]
WARNING: [Synth 8-3331] design vending_machine has unconnected port SW[28]
WARNING: [Synth 8-3331] design vending_machine has unconnected port SW[27]
WARNING: [Synth 8-3331] design vending_machine has unconnected port SW[26]
WARNING: [Synth 8-3331] design vending_machine has unconnected port SW[25]
WARNING: [Synth 8-3331] design vending_machine has unconnected port SW[24]
WARNING: [Synth 8-3331] design vending_machine has unconnected port SW[23]
WARNING: [Synth 8-3331] design vending_machine has unconnected port SW[22]
WARNING: [Synth 8-3331] design vending_machine has unconnected port SW[21]
WARNING: [Synth 8-3331] design vending_machine has unconnected port SW[20]
WARNING: [Synth 8-3331] design vending_machine has unconnected port SW[19]
WARNING: [Synth 8-3331] design vending_machine has unconnected port SW[18]
WARNING: [Synth 8-3331] design vending_machine has unconnected port SW[17]
WARNING: [Synth 8-3331] design vending_machine has unconnected port SW[16]
WARNING: [Synth 8-3331] design vending_machine has unconnected port BT[7]
WARNING: [Synth 8-3331] design vending_machine has unconnected port BT[6]
WARNING: [Synth 8-3331] design vending_machine has unconnected port BT[5]
WARNING: [Synth 8-3331] design vending_machine has unconnected port BT[4]
---------------------------------------------------------------------------------
Finished RTL Elaboration : Time (s): cpu = 00:00:02 ; elapsed = 00:00:02 . Memory (MB): peak = 1844.695 ; gain = 72.977
---------------------------------------------------------------------------------

Report Check Netlist: 
+------+------------------+-------+---------+-------+------------------+
|      |Item              |Errors |Warnings |Status |Description       |
+------+------------------+-------+---------+-------+------------------+
|1     |multi_driven_nets |      0|        0|Passed |Multi driven nets |
+------+------------------+-------+---------+-------+------------------+
---------------------------------------------------------------------------------
Start Handling Custom Attributes
---------------------------------------------------------------------------------
---------------------------------------------------------------------------------
Finished Handling Custom Attributes : Time (s): cpu = 00:00:02 ; elapsed = 00:00:02 . Memory (MB): peak = 1844.695 ; gain = 72.977
---------------------------------------------------------------------------------
---------------------------------------------------------------------------------
Finished RTL Optimization Phase 1 : Time (s): cpu = 00:00:02 ; elapsed = 00:00:02 . Memory (MB): peak = 1844.695 ; gain = 72.977
---------------------------------------------------------------------------------
INFO: [Device 21-403] Loading part xc7a100tcsg324-2L
INFO: [Project 1-570] Preparing netlist for logic optimization

Processing XDC Constraints
Initializing timing engine
Parsing XDC File [C:/Users/28482/Desktop/shudian design/vending_machine/vending_machine.srcs/constrs_1/new/top.xdc]
CRITICAL WARNING: [Common 17-69] Command failed: 'NONE' is not a valid site or package pin name. [C:/Users/28482/Desktop/shudian design/vending_machine/vending_machine.srcs/constrs_1/new/top.xdc:61]
