#-----------------------------------------------------------
# Vivado v2018.3 (64-bit)
# SW Build 2405991 on Thu Dec  6 23:38:27 MST 2018
# IP Build 2404404 on Fri Dec  7 01:43:56 MST 2018
# Start of session at: Fri Dec 26 14:30:08 2025
# Process ID: 11736
# Current directory: C:/Users/28482/Desktop/shudian design/vending_machine
# Command line: vivado.exe -gui_launcher_event rodinguilauncherevent23644 C:\Users\28482\Desktop\shudian design\vending_machine\vending_machine.xpr
# Log file: C:/Users/28482/Desktop/shudian design/vending_machine/vivado.log
# Journal file: C:/Users/28482/Desktop/shudian design/vending_machine\vivado.jou
#-----------------------------------------------------------
start_gui
open_project {C:/Users/28482/Desktop/shudian design/vending_machine/vending_machine.xpr}
Scanning sources...
Finished scanning sources
INFO: [IP_Flow 19-234] Refreshing IP repositories
INFO: [IP_Flow 19-1704] No user IP repositories specified
INFO: [IP_Flow 19-2313] Loaded Vivado IP repository 'C:/Xilinx/Vivado/2018.3/data/ip'.
update_compile_order -fileset sources_1
reset_run synth_1
launch_runs synth_1 -jobs 8
[Fri Dec 26 14:30:26 2025] Launched synth_1...
Run output will be captured here: C:/Users/28482/Desktop/shudian design/vending_machine/vending_machine.runs/synth_1/runme.log
launch_runs impl_1 -jobs 8
[Fri Dec 26 14:31:01 2025] Launched impl_1...
Run output will be captured here: C:/Users/28482/Desktop/shudian design/vending_machine/vending_machine.runs/impl_1/runme.log
launch_runs impl_1 -to_step write_bitstream -jobs 8
[Fri Dec 26 14:31:57 2025] Launched impl_1...
Run output will be captured here: C:/Users/28482/Desktop/shudian design/vending_machine/vending_machine.runs/impl_1/runme.log
open_hw
connect_hw_server
INFO: [Labtools 27-2285] Connecting to hw_server url TCP:localhost:3121
INFO: [Labtools 27-2222] Launching hw_server...
INFO: [Labtools 27-2221] Launch Output:

****** Xilinx hw_server v2018.3
  **** Build date : Dec  7 2018-00:40:27
    ** Copyright 1986-2018 Xilinx, Inc. All Rights Reserved.


open_hw_target
INFO: [Labtoolstcl 44-466] Opening hw_target localhost:3121/xilinx_tcf/Digilent/210299011758
set_property PROGRAM.FILE {C:/Users/28482/Desktop/shudian design/vending_machine/vending_machine.runs/impl_1/top.bit} [get_hw_devices xc7a100t_0]
current_hw_device [get_hw_devices xc7a100t_0]
refresh_hw_device -update_hw_probes false [lindex [get_hw_devices xc7a100t_0] 0]
INFO: [Labtools 27-1434] Device xc7a100t (JTAG device index = 0) is programmed with a design that has no supported debug core(s) in it.
set_property PROBES.FILE {} [get_hw_devices xc7a100t_0]
set_property FULL_PROBES.FILE {} [get_hw_devices xc7a100t_0]
set_property PROGRAM.FILE {C:/Users/28482/Desktop/shudian design/vending_machine/vending_machine.runs/impl_1/top.bit} [get_hw_devices xc7a100t_0]
program_hw_devices [get_hw_devices xc7a100t_0]
INFO: [Labtools 27-3164] End of startup status: HIGH
refresh_hw_device [lindex [get_hw_devices xc7a100t_0] 0]
INFO: [Labtools 27-1434] Device xc7a100t (JTAG device index = 0) is programmed with a design that has no supported debug core(s) in it.
close_hw
reset_run synth_1
launch_runs synth_1 -jobs 8
[Fri Dec 26 14:42:16 2025] Launched synth_1...
Run output will be captured here: C:/Users/28482/Desktop/shudian design/vending_machine/vending_machine.runs/synth_1/runme.log
launch_runs impl_1 -jobs 8
[Fri Dec 26 14:42:44 2025] Launched impl_1...
Run output will be captured here: C:/Users/28482/Desktop/shudian design/vending_machine/vending_machine.runs/impl_1/runme.log
launch_runs impl_1 -to_step write_bitstream -jobs 8
[Fri Dec 26 14:43:39 2025] Launched impl_1...
Run output will be captured here: C:/Users/28482/Desktop/shudian design/vending_machine/vending_machine.runs/impl_1/runme.log
open_hw
connect_hw_server
INFO: [Labtools 27-2285] Connecting to hw_server url TCP:localhost:3121
INFO: [Labtools 27-2222] Launching hw_server...
INFO: [Labtools 27-2221] Launch Output:

****** Xilinx hw_server v2018.3
  **** Build date : Dec  7 2018-00:40:27
    ** Copyright 1986-2018 Xilinx, Inc. All Rights Reserved.


open_hw_target
INFO: [Labtoolstcl 44-466] Opening hw_target localhost:3121/xilinx_tcf/Digilent/210299011758
set_property PROGRAM.FILE {C:/Users/28482/Desktop/shudian design/vending_machine/vending_machine.runs/impl_1/top.bit} [get_hw_devices xc7a100t_0]
current_hw_device [get_hw_devices xc7a100t_0]
refresh_hw_device -update_hw_probes false [lindex [get_hw_devices xc7a100t_0] 0]
INFO: [Labtools 27-1434] Device xc7a100t (JTAG device index = 0) is programmed with a design that has no supported debug core(s) in it.
set_property PROBES.FILE {} [get_hw_devices xc7a100t_0]
set_property FULL_PROBES.FILE {} [get_hw_devices xc7a100t_0]
set_property PROGRAM.FILE {C:/Users/28482/Desktop/shudian design/vending_machine/vending_machine.runs/impl_1/top.bit} [get_hw_devices xc7a100t_0]
program_hw_devices [get_hw_devices xc7a100t_0]
INFO: [Labtools 27-3164] End of startup status: HIGH
refresh_hw_device [lindex [get_hw_devices xc7a100t_0] 0]
INFO: [Labtools 27-1434] Device xc7a100t (JTAG device index = 0) is programmed with a design that has no supported debug core(s) in it.
reset_run synth_1
launch_runs synth_1 -jobs 8
CRITICAL WARNING: [HDL 9-806] Syntax error near "wire". [C:/Users/28482/Desktop/shudian design/vending_machine/vending_machine.srcs/sources_1/new/vending_machine.v:116]
CRITICAL WARNING: [HDL 9-806] Syntax error near "wire". [C:/Users/28482/Desktop/shudian design/vending_machine/vending_machine.srcs/sources_1/new/vending_machine.v:117]
[Fri Dec 26 14:55:28 2025] Launched synth_1...
Run output will be captured here: C:/Users/28482/Desktop/shudian design/vending_machine/vending_machine.runs/synth_1/runme.log
close_hw
reset_run synth_1
launch_runs synth_1 -jobs 8
[Fri Dec 26 14:57:59 2025] Launched synth_1...
Run output will be captured here: C:/Users/28482/Desktop/shudian design/vending_machine/vending_machine.runs/synth_1/runme.log
launch_runs impl_1 -jobs 8
[Fri Dec 26 14:58:37 2025] Launched impl_1...
Run output will be captured here: C:/Users/28482/Desktop/shudian design/vending_machine/vending_machine.runs/impl_1/runme.log
launch_runs impl_1 -to_step write_bitstream -jobs 8
[Fri Dec 26 14:59:59 2025] Launched impl_1...
Run output will be captured here: C:/Users/28482/Desktop/shudian design/vending_machine/vending_machine.runs/impl_1/runme.log
open_hw
connect_hw_server
INFO: [Labtools 27-2285] Connecting to hw_server url TCP:localhost:3121
INFO: [Labtools 27-2222] Launching hw_server...
INFO: [Labtools 27-2221] Launch Output:

****** Xilinx hw_server v2018.3
  **** Build date : Dec  7 2018-00:40:27
    ** Copyright 1986-2018 Xilinx, Inc. All Rights Reserved.


open_hw_target
INFO: [Labtoolstcl 44-466] Opening hw_target localhost:3121/xilinx_tcf/Digilent/210299011758
set_property PROGRAM.FILE {C:/Users/28482/Desktop/shudian design/vending_machine/vending_machine.runs/impl_1/top.bit} [get_hw_devices xc7a100t_0]
current_hw_device [get_hw_devices xc7a100t_0]
refresh_hw_device -update_hw_probes false [lindex [get_hw_devices xc7a100t_0] 0]
INFO: [Labtools 27-1434] Device xc7a100t (JTAG device index = 0) is programmed with a design that has no supported debug core(s) in it.
set_property PROBES.FILE {} [get_hw_devices xc7a100t_0]
set_property FULL_PROBES.FILE {} [get_hw_devices xc7a100t_0]
set_property PROGRAM.FILE {C:/Users/28482/Desktop/shudian design/vending_machine/vending_machine.runs/impl_1/top.bit} [get_hw_devices xc7a100t_0]
program_hw_devices [get_hw_devices xc7a100t_0]
INFO: [Labtools 27-3164] End of startup status: HIGH
refresh_hw_device [lindex [get_hw_devices xc7a100t_0] 0]
INFO: [Labtools 27-1434] Device xc7a100t (JTAG device index = 0) is programmed with a design that has no supported debug core(s) in it.
set_property PROBES.FILE {} [get_hw_devices xc7a100t_0]
set_property FULL_PROBES.FILE {} [get_hw_devices xc7a100t_0]
set_property PROGRAM.FILE {C:/Users/28482/Desktop/shudian design/vending_machine/vending_machine.runs/impl_1/top.bit} [get_hw_devices xc7a100t_0]
program_hw_devices [get_hw_devices xc7a100t_0]
INFO: [Labtools 27-3164] End of startup status: HIGH
refresh_hw_device [lindex [get_hw_devices xc7a100t_0] 0]
INFO: [Labtools 27-1434] Device xc7a100t (JTAG device index = 0) is programmed with a design that has no supported debug core(s) in it.
reset_run synth_1
launch_runs synth_1 -jobs 8
[Fri Dec 26 15:01:49 2025] Launched synth_1...
Run output will be captured here: C:/Users/28482/Desktop/shudian design/vending_machine/vending_machine.runs/synth_1/runme.log
launch_runs impl_1 -jobs 8
[Fri Dec 26 15:02:21 2025] Launched impl_1...
Run output will be captured here: C:/Users/28482/Desktop/shudian design/vending_machine/vending_machine.runs/impl_1/runme.log
launch_runs impl_1 -to_step write_bitstream -jobs 8
[Fri Dec 26 15:03:21 2025] Launched impl_1...
Run output will be captured here: C:/Users/28482/Desktop/shudian design/vending_machine/vending_machine.runs/impl_1/runme.log
set_property PROBES.FILE {} [get_hw_devices xc7a100t_0]
set_property FULL_PROBES.FILE {} [get_hw_devices xc7a100t_0]
set_property PROGRAM.FILE {C:/Users/28482/Desktop/shudian design/vending_machine/vending_machine.runs/impl_1/top.bit} [get_hw_devices xc7a100t_0]
program_hw_devices [get_hw_devices xc7a100t_0]
INFO: [Labtools 27-3164] End of startup status: HIGH
refresh_hw_device [lindex [get_hw_devices xc7a100t_0] 0]
INFO: [Labtools 27-1434] Device xc7a100t (JTAG device index = 0) is programmed with a design that has no supported debug core(s) in it.
reset_run synth_1
launch_runs synth_1 -jobs 8
[Fri Dec 26 15:05:49 2025] Launched synth_1...
Run output will be captured here: C:/Users/28482/Desktop/shudian design/vending_machine/vending_machine.runs/synth_1/runme.log
launch_runs impl_1 -jobs 8
[Fri Dec 26 15:06:17 2025] Launched impl_1...
Run output will be captured here: C:/Users/28482/Desktop/shudian design/vending_machine/vending_machine.runs/impl_1/runme.log
launch_runs impl_1 -to_step write_bitstream -jobs 8
[Fri Dec 26 15:07:20 2025] Launched impl_1...
Run output will be captured here: C:/Users/28482/Desktop/shudian design/vending_machine/vending_machine.runs/impl_1/runme.log
set_property PROBES.FILE {} [get_hw_devices xc7a100t_0]
set_property FULL_PROBES.FILE {} [get_hw_devices xc7a100t_0]
set_property PROGRAM.FILE {C:/Users/28482/Desktop/shudian design/vending_machine/vending_machine.runs/impl_1/top.bit} [get_hw_devices xc7a100t_0]
program_hw_devices [get_hw_devices xc7a100t_0]
INFO: [Labtools 27-3164] End of startup status: HIGH
refresh_hw_device [lindex [get_hw_devices xc7a100t_0] 0]
INFO: [Labtools 27-1434] Device xc7a100t (JTAG device index = 0) is programmed with a design that has no supported debug core(s) in it.
close_hw
launch_simulation
INFO: [Vivado 12-5682] Launching behavioral simulation in 'C:/Users/28482/Desktop/shudian design/vending_machine/vending_machine.sim/sim_1/behav/xsim'
INFO: [SIM-utils-51] Simulation object is 'sim_1'
INFO: [SIM-utils-54] Inspecting design source files for 'top_tb' in fileset 'sim_1'...
INFO: [USF-XSim-97] Finding global include files...
INFO: [USF-XSim-98] Fetching design files from 'sim_1'...
INFO: [USF-XSim-2] XSim::Compile design
INFO: [USF-XSim-61] Executing 'COMPILE and ANALYZE' step in 'C:/Users/28482/Desktop/shudian design/vending_machine/vending_machine.sim/sim_1/behav/xsim'
"xvlog --incr --relax -prj top_tb_vlog.prj"
INFO: [VRFC 10-2263] Analyzing Verilog file "C:/Users/28482/Desktop/shudian design/vending_machine/vending_machine.srcs/sources_1/new/Tube.v" into library xil_defaultlib
INFO: [VRFC 10-311] analyzing module Tube
INFO: [VRFC 10-2263] Analyzing Verilog file "C:/Users/28482/Desktop/shudian design/vending_machine/vending_machine.srcs/sources_1/new/Tube_Display.v" into library xil_defaultlib
INFO: [VRFC 10-311] analyzing module Tube_Display
INFO: [VRFC 10-2263] Analyzing Verilog file "C:/Users/28482/Desktop/shudian design/vending_machine/vending_machine.srcs/sources_1/new/top.v" into library xil_defaultlib
INFO: [VRFC 10-311] analyzing module top
INFO: [VRFC 10-2263] Analyzing Verilog file "C:/Users/28482/Desktop/shudian design/vending_machine/vending_machine.srcs/sources_1/new/vending_machine.v" into library xil_defaultlib
INFO: [VRFC 10-311] analyzing module vending_machine
INFO: [VRFC 10-2263] Analyzing Verilog file "C:/Users/28482/Desktop/shudian design/vending_machine/vending_machine.srcs/sim_1/new/top_tb.v" into library xil_defaultlib
INFO: [VRFC 10-311] analyzing module top_tb
INFO: [VRFC 10-2263] Analyzing Verilog file "C:/Users/28482/Desktop/shudian design/vending_machine/vending_machine.sim/sim_1/behav/xsim/glbl.v" into library xil_defaultlib
INFO: [VRFC 10-311] analyzing module glbl
INFO: [USF-XSim-69] 'compile' step finished in '1' seconds
INFO: [USF-XSim-3] XSim::Elaborate design
INFO: [USF-XSim-61] Executing 'ELABORATE' step in 'C:/Users/28482/Desktop/shudian design/vending_machine/vending_machine.sim/sim_1/behav/xsim'
Vivado Simulator 2018.3
Copyright 1986-1999, 2001-2018 Xilinx, Inc. All Rights Reserved.
Running: C:/Xilinx/Vivado/2018.3/bin/unwrapped/win64.o/xelab.exe -wto 67f1041bc0ca46e9902909783583caac --incr --debug typical --relax --mt 2 -L xil_defaultlib -L unisims_ver -L unimacro_ver -L secureip --snapshot top_tb_behav xil_defaultlib.top_tb xil_defaultlib.glbl -log elaborate.log 
Using 2 slave threads.
Starting static elaboration
Completed static elaboration
Starting simulation data flow analysis
Completed simulation data flow analysis
Time Resolution for simulation is 1ps
Compiling module xil_defaultlib.vending_machine
Compiling module xil_defaultlib.Tube
Compiling module xil_defaultlib.Tube_Display
Compiling module xil_defaultlib.top
Compiling module xil_defaultlib.top_tb
Compiling module xil_defaultlib.glbl
Built simulation snapshot top_tb_behav

****** Webtalk v2018.3 (64-bit)
  **** SW Build 2405991 on Thu Dec  6 23:38:27 MST 2018
  **** IP Build 2404404 on Fri Dec  7 01:43:56 MST 2018
    ** Copyright 1986-2018 Xilinx, Inc. All Rights Reserved.

source C:/Users/28482/Desktop/shudian -notrace
invalid command name "%"
    while executing
"% Total    % Received % Xferd  Average Speed   Time    Time     Time  Current"
    (file "C:/Users/28482/Desktop/shudian" line 1)
INFO: [Common 17-206] Exiting Webtalk at Fri Dec 26 15:12:00 2025...
INFO: [USF-XSim-69] 'elaborate' step finished in '3' seconds
INFO: [USF-XSim-4] XSim::Simulate design
INFO: [USF-XSim-61] Executing 'SIMULATE' step in 'C:/Users/28482/Desktop/shudian design/vending_machine/vending_machine.sim/sim_1/behav/xsim'
INFO: [USF-XSim-98] *** Running xsim
   with args "top_tb_behav -key {Behavioral:sim_1:Functional:top_tb} -tclbatch {top_tb.tcl} -log {simulate.log}"
INFO: [USF-XSim-8] Loading simulator feature
Vivado Simulator 2018.3
Time resolution is 1 ps
source top_tb.tcl
# set curr_wave [current_wave_config]
# if { [string length $curr_wave] == 0 } {
#   if { [llength [get_objects]] > 0} {
#     add_wave /
#     set_property needs_save false [current_wave_config]
#   } else {
#      send_msg_id Add_Wave-1 WARNING "No top level signals found. Simulator will start without a wave window. If you want to open a wave window go to 'File->New Waveform Configuration' or type 'create_wave_config' in the TCL console."
#   }
# }
# run 1000ns
xsim: Time (s): cpu = 00:00:01 ; elapsed = 00:00:07 . Memory (MB): peak = 1959.984 ; gain = 0.000
INFO: [USF-XSim-96] XSim completed. Design snapshot 'top_tb_behav' loaded.
INFO: [USF-XSim-97] XSim simulation ran for 1000ns
launch_simulation: Time (s): cpu = 00:00:02 ; elapsed = 00:00:12 . Memory (MB): peak = 1959.984 ; gain = 0.000
reset_run synth_1
WARNING: [Vivado 12-1017] Problems encountered:
1. Failed to delete one or more files in run directory C:/Users/28482/Desktop/shudian design/vending_machine/vending_machine.runs/synth_1

launch_runs synth_1 -jobs 8
[Fri Dec 26 15:13:28 2025] Launched synth_1...
Run output will be captured here: C:/Users/28482/Desktop/shudian design/vending_machine/vending_machine.runs/synth_1/runme.log
close_sim
INFO: [Simtcl 6-16] Simulation closed
launch_runs impl_1 -jobs 8
[Fri Dec 26 15:13:54 2025] Launched impl_1...
Run output will be captured here: C:/Users/28482/Desktop/shudian design/vending_machine/vending_machine.runs/impl_1/runme.log
launch_runs impl_1 -to_step write_bitstream -jobs 8
[Fri Dec 26 15:14:51 2025] Launched impl_1...
Run output will be captured here: C:/Users/28482/Desktop/shudian design/vending_machine/vending_machine.runs/impl_1/runme.log
open_hw
connect_hw_server
INFO: [Labtools 27-2285] Connecting to hw_server url TCP:localhost:3121
INFO: [Labtools 27-2222] Launching hw_server...
INFO: [Labtools 27-2221] Launch Output:

****** Xilinx hw_server v2018.3
  **** Build date : Dec  7 2018-00:40:27
    ** Copyright 1986-2018 Xilinx, Inc. All Rights Reserved.


open_hw_target
INFO: [Labtoolstcl 44-466] Opening hw_target localhost:3121/xilinx_tcf/Digilent/210299011758
set_property PROGRAM.FILE {C:/Users/28482/Desktop/shudian design/vending_machine/vending_machine.runs/impl_1/top.bit} [get_hw_devices xc7a100t_0]
current_hw_device [get_hw_devices xc7a100t_0]
refresh_hw_device -update_hw_probes false [lindex [get_hw_devices xc7a100t_0] 0]
INFO: [Labtools 27-1434] Device xc7a100t (JTAG device index = 0) is programmed with a design that has no supported debug core(s) in it.
set_property PROBES.FILE {} [get_hw_devices xc7a100t_0]
set_property FULL_PROBES.FILE {} [get_hw_devices xc7a100t_0]
set_property PROGRAM.FILE {C:/Users/28482/Desktop/shudian design/vending_machine/vending_machine.runs/impl_1/top.bit} [get_hw_devices xc7a100t_0]
program_hw_devices [get_hw_devices xc7a100t_0]
INFO: [Labtools 27-3164] End of startup status: HIGH
refresh_hw_device [lindex [get_hw_devices xc7a100t_0] 0]
INFO: [Labtools 27-1434] Device xc7a100t (JTAG device index = 0) is programmed with a design that has no supported debug core(s) in it.
close_hw
reset_run synth_1
launch_runs synth_1 -jobs 8
[Fri Dec 26 15:16:30 2025] Launched synth_1...
Run output will be captured here: C:/Users/28482/Desktop/shudian design/vending_machine/vending_machine.runs/synth_1/runme.log
launch_runs impl_1 -jobs 8
[Fri Dec 26 15:16:59 2025] Launched impl_1...
Run output will be captured here: C:/Users/28482/Desktop/shudian design/vending_machine/vending_machine.runs/impl_1/runme.log
launch_runs impl_1 -to_step write_bitstream -jobs 8
[Fri Dec 26 15:17:54 2025] Launched impl_1...
Run output will be captured here: C:/Users/28482/Desktop/shudian design/vending_machine/vending_machine.runs/impl_1/runme.log
open_hw
connect_hw_server
INFO: [Labtools 27-2285] Connecting to hw_server url TCP:localhost:3121
INFO: [Labtools 27-2222] Launching hw_server...
INFO: [Labtools 27-2221] Launch Output:

****** Xilinx hw_server v2018.3
  **** Build date : Dec  7 2018-00:40:27
    ** Copyright 1986-2018 Xilinx, Inc. All Rights Reserved.


open_hw_target
INFO: [Labtoolstcl 44-466] Opening hw_target localhost:3121/xilinx_tcf/Digilent/210299011758
set_property PROGRAM.FILE {C:/Users/28482/Desktop/shudian design/vending_machine/vending_machine.runs/impl_1/top.bit} [get_hw_devices xc7a100t_0]
current_hw_device [get_hw_devices xc7a100t_0]
refresh_hw_device -update_hw_probes false [lindex [get_hw_devices xc7a100t_0] 0]
INFO: [Labtools 27-1434] Device xc7a100t (JTAG device index = 0) is programmed with a design that has no supported debug core(s) in it.
set_property PROBES.FILE {} [get_hw_devices xc7a100t_0]
set_property FULL_PROBES.FILE {} [get_hw_devices xc7a100t_0]
set_property PROGRAM.FILE {C:/Users/28482/Desktop/shudian design/vending_machine/vending_machine.runs/impl_1/top.bit} [get_hw_devices xc7a100t_0]
program_hw_devices [get_hw_devices xc7a100t_0]
INFO: [Labtools 27-3164] End of startup status: HIGH
refresh_hw_device [lindex [get_hw_devices xc7a100t_0] 0]
INFO: [Labtools 27-1434] Device xc7a100t (JTAG device index = 0) is programmed with a design that has no supported debug core(s) in it.
reset_run synth_1
launch_runs synth_1 -jobs 8
[Fri Dec 26 15:21:43 2025] Launched synth_1...
Run output will be captured here: C:/Users/28482/Desktop/shudian design/vending_machine/vending_machine.runs/synth_1/runme.log
launch_runs impl_1 -jobs 8
[Fri Dec 26 15:22:19 2025] Launched impl_1...
Run output will be captured here: C:/Users/28482/Desktop/shudian design/vending_machine/vending_machine.runs/impl_1/runme.log
open_run impl_1
INFO: [Netlist 29-17] Analyzing 39 Unisim elements for replacement
INFO: [Netlist 29-28] Unisim Transformation completed in 0 CPU seconds
INFO: [Project 1-479] Netlist was created with Vivado 2018.3
INFO: [Device 21-403] Loading part xc7a100tcsg324-2L
INFO: [Project 1-570] Preparing netlist for logic optimization
INFO: [Timing 38-478] Restoring timing data from binary archive.
INFO: [Timing 38-479] Binary timing data restore complete.
INFO: [Project 1-856] Restoring constraints from binary archive.
INFO: [Project 1-853] Binary constraint restore complete.
Reading XDEF placement.
Reading placer database...
Reading XDEF routing.
Read XDEF File: Time (s): cpu = 00:00:00 ; elapsed = 00:00:00.048 . Memory (MB): peak = 2780.004 ; gain = 0.000
Restored from archive | CPU: 0.000000 secs | Memory: 0.000000 MB |
Finished XDEF File Restore: Time (s): cpu = 00:00:00 ; elapsed = 00:00:00.048 . Memory (MB): peak = 2780.004 ; gain = 0.000
Netlist sorting complete. Time (s): cpu = 00:00:00 ; elapsed = 00:00:00 . Memory (MB): peak = 2780.004 ; gain = 0.000
INFO: [Project 1-111] Unisim Transformation Summary:
No Unisim elements were transformed.

open_run: Time (s): cpu = 00:00:15 ; elapsed = 00:00:17 . Memory (MB): peak = 2953.145 ; gain = 944.695
WARNING: [Timing 38-313] There are no user specified timing constraints. Timing constraints are needed for proper timing analysis.
close_design
launch_runs impl_1 -to_step write_bitstream -jobs 8
[Fri Dec 26 15:23:53 2025] Launched impl_1...
Run output will be captured here: C:/Users/28482/Desktop/shudian design/vending_machine/vending_machine.runs/impl_1/runme.log
set_property PROBES.FILE {} [get_hw_devices xc7a100t_0]
set_property FULL_PROBES.FILE {} [get_hw_devices xc7a100t_0]
set_property PROGRAM.FILE {C:/Users/28482/Desktop/shudian design/vending_machine/vending_machine.runs/impl_1/top.bit} [get_hw_devices xc7a100t_0]
program_hw_devices [get_hw_devices xc7a100t_0]
INFO: [Labtools 27-3164] End of startup status: HIGH
refresh_hw_device [lindex [get_hw_devices xc7a100t_0] 0]
INFO: [Labtools 27-1434] Device xc7a100t (JTAG device index = 0) is programmed with a design that has no supported debug core(s) in it.
exit
INFO: [Common 17-206] Exiting Vivado at Fri Dec 26 15:26:06 2025...
