
*** Running vivado
    with args -log top.vds -m64 -product Vivado -mode batch -messageDb vivado.pb -notrace -source top.tcl


****** Vivado v2018.3 (64-bit)
  **** SW Build 2405991 on Thu Dec  6 23:38:27 MST 2018
  **** IP Build 2404404 on Fri Dec  7 01:43:56 MST 2018
    ** Copyright 1986-2018 Xilinx, Inc. All Rights Reserved.

source top.tcl -notrace
Command: synth_design -top top -part xc7a100tcsg324-2L
Starting synth_design
Attempting to get a license for feature 'Synthesis' and/or device 'xc7a100t'
INFO: [Common 17-349] Got license for feature 'Synthesis' and/or device 'xc7a100t'
INFO: Launching helper process for spawning children vivado processes
INFO: Helper process launched with PID 24492 
---------------------------------------------------------------------------------
Starting RTL Elaboration : Time (s): cpu = 00:00:02 ; elapsed = 00:00:01 . Memory (MB): peak = 386.367 ; gain = 99.965
---------------------------------------------------------------------------------
INFO: [Synth 8-6157] synthesizing module 'top' [E:/vivado_project/vending_machine/vending_machine.srcs/sources_1/new/top.v:3]
INFO: [Synth 8-6157] synthesizing module 'vending_machine' [E:/vivado_project/vending_machine/vending_machine.srcs/sources_1/new/vending_machine.v:1]
WARNING: [Synth 8-5788] Register refund_coin_reg in module vending_machine is has both Set and reset with same priority. This may cause simulation mismatches. Consider rewriting code  [E:/vivado_project/vending_machine/vending_machine.srcs/sources_1/new/vending_machine.v:128]
INFO: [Synth 8-6155] done synthesizing module 'vending_machine' (1#1) [E:/vivado_project/vending_machine/vending_machine.srcs/sources_1/new/vending_machine.v:1]
INFO: [Synth 8-6157] synthesizing module 'Tube_Display' [E:/vivado_project/vending_machine/vending_machine.srcs/sources_1/new/Tube_Display.v:23]
INFO: [Synth 8-6157] synthesizing module 'Tube' [E:/vivado_project/vending_machine/vending_machine.srcs/sources_1/new/Tube.v:3]
INFO: [Synth 8-6155] done synthesizing module 'Tube' (2#1) [E:/vivado_project/vending_machine/vending_machine.srcs/sources_1/new/Tube.v:3]
INFO: [Synth 8-6155] done synthesizing module 'Tube_Display' (3#1) [E:/vivado_project/vending_machine/vending_machine.srcs/sources_1/new/Tube_Display.v:23]
INFO: [Synth 8-6155] done synthesizing module 'top' (4#1) [E:/vivado_project/vending_machine/vending_machine.srcs/sources_1/new/top.v:3]
WARNING: [Synth 8-3331] design top has unconnected port SW[31]
WARNING: [Synth 8-3331] design top has unconnected port SW[30]
WARNING: [Synth 8-3331] design top has unconnected port SW[29]
WARNING: [Synth 8-3331] design top has unconnected port SW[28]
WARNING: [Synth 8-3331] design top has unconnected port SW[27]
WARNING: [Synth 8-3331] design top has unconnected port SW[26]
WARNING: [Synth 8-3331] design top has unconnected port SW[25]
WARNING: [Synth 8-3331] design top has unconnected port SW[24]
WARNING: [Synth 8-3331] design top has unconnected port SW[23]
WARNING: [Synth 8-3331] design top has unconnected port SW[22]
WARNING: [Synth 8-3331] design top has unconnected port SW[21]
WARNING: [Synth 8-3331] design top has unconnected port SW[20]
WARNING: [Synth 8-3331] design top has unconnected port SW[19]
WARNING: [Synth 8-3331] design top has unconnected port SW[18]
WARNING: [Synth 8-3331] design top has unconnected port SW[17]
WARNING: [Synth 8-3331] design top has unconnected port SW[16]
WARNING: [Synth 8-3331] design top has unconnected port SW[15]
WARNING: [Synth 8-3331] design top has unconnected port SW[14]
WARNING: [Synth 8-3331] design top has unconnected port SW[13]
WARNING: [Synth 8-3331] design top has unconnected port SW[12]
WARNING: [Synth 8-3331] design top has unconnected port SW[11]
WARNING: [Synth 8-3331] design top has unconnected port SW[10]
WARNING: [Synth 8-3331] design top has unconnected port SW[9]
WARNING: [Synth 8-3331] design top has unconnected port SW[8]
WARNING: [Synth 8-3331] design top has unconnected port BT[7]
WARNING: [Synth 8-3331] design top has unconnected port BT[6]
WARNING: [Synth 8-3331] design top has unconnected port BT[5]
WARNING: [Synth 8-3331] design top has unconnected port BT[4]
---------------------------------------------------------------------------------
Finished RTL Elaboration : Time (s): cpu = 00:00:02 ; elapsed = 00:00:02 . Memory (MB): peak = 442.168 ; gain = 155.766
---------------------------------------------------------------------------------

Report Check Netlist: 
+------+------------------+-------+---------+-------+------------------+
|      |Item              |Errors |Warnings |Status |Description       |
+------+------------------+-------+---------+-------+------------------+
|1     |multi_driven_nets |      0|        0|Passed |Multi driven nets |
+------+------------------+-------+---------+-------+------------------+
---------------------------------------------------------------------------------
Start Handling Custom Attributes
---------------------------------------------------------------------------------
---------------------------------------------------------------------------------
Finished Handling Custom Attributes : Time (s): cpu = 00:00:02 ; elapsed = 00:00:02 . Memory (MB): peak = 442.168 ; gain = 155.766
---------------------------------------------------------------------------------
---------------------------------------------------------------------------------
Finished RTL Optimization Phase 1 : Time (s): cpu = 00:00:02 ; elapsed = 00:00:02 . Memory (MB): peak = 442.168 ; gain = 155.766
---------------------------------------------------------------------------------
INFO: [Device 21-403] Loading part xc7a100tcsg324-2L
INFO: [Project 1-570] Preparing netlist for logic optimization

Processing XDC Constraints
Initializing timing engine
Parsing XDC File [E:/vivado_project/vending_machine/vending_machine.srcs/constrs_1/new/top.xdc]
CRITICAL WARNING: [Netlist 29-69] Cannot set property 'CLOCK_DEDICATED_ROUTE', because the property does not exist for objects of type 'port'. [E:/vivado_project/vending_machine/vending_machine.srcs/constrs_1/new/top.xdc:86]
Resolution: Modify .xdc or RTL to not set this property or move it to one of the following object types that can accept this property: pin,net
Finished Parsing XDC File [E:/vivado_project/vending_machine/vending_machine.srcs/constrs_1/new/top.xdc]
INFO: [Project 1-236] Implementation specific constraints were found while reading constraint file [E:/vivado_project/vending_machine/vending_machine.srcs/constrs_1/new/top.xdc]. These constraints will be ignored for synthesis but will be used in implementation. Impacted constraints are listed in the file [.Xil/top_propImpl.xdc].
Resolution: To avoid this warning, move constraints listed in [.Xil/top_propImpl.xdc] to another XDC file and exclude this new file from synthesis with the used_in_synthesis property (File Properties dialog in GUI) and re-run elaboration/synthesis.
Netlist sorting complete. Time (s): cpu = 00:00:00 ; elapsed = 00:00:00 . Memory (MB): peak = 786.156 ; gain = 0.000
Completed Processing XDC Constraints

Netlist sorting complete. Time (s): cpu = 00:00:00 ; elapsed = 00:00:00 . Memory (MB): peak = 786.156 ; gain = 0.000
INFO: [Project 1-111] Unisim Transformation Summary:
No Unisim elements were transformed.

Netlist sorting complete. Time (s): cpu = 00:00:00 ; elapsed = 00:00:00 . Memory (MB): peak = 786.156 ; gain = 0.000
Constraint Validation Runtime : Time (s): cpu = 00:00:00 ; elapsed = 00:00:00.003 . Memory (MB): peak = 786.156 ; gain = 0.000
---------------------------------------------------------------------------------
Finished Constraint Validation : Time (s): cpu = 00:00:06 ; elapsed = 00:00:07 . Memory (MB): peak = 786.156 ; gain = 499.754
---------------------------------------------------------------------------------
---------------------------------------------------------------------------------
Start Loading Part and Timing Information
---------------------------------------------------------------------------------
Loading part: xc7a100tcsg324-2L
---------------------------------------------------------------------------------
Finished Loading Part and Timing Information : Time (s): cpu = 00:00:06 ; elapsed = 00:00:07 . Memory (MB): peak = 786.156 ; gain = 499.754
---------------------------------------------------------------------------------
---------------------------------------------------------------------------------
Start Applying 'set_property' XDC Constraints
---------------------------------------------------------------------------------
---------------------------------------------------------------------------------
Finished applying 'set_property' XDC Constraints : Time (s): cpu = 00:00:06 ; elapsed = 00:00:07 . Memory (MB): peak = 786.156 ; gain = 499.754
---------------------------------------------------------------------------------
INFO: [Synth 8-5544] ROM "price_mem_reg[0]" won't be mapped to Block RAM because address size (2) smaller than threshold (5)
INFO: [Synth 8-5544] ROM "price_mem_reg[1]" won't be mapped to Block RAM because address size (2) smaller than threshold (5)
INFO: [Synth 8-5544] ROM "price_mem_reg[2]" won't be mapped to Block RAM because address size (2) smaller than threshold (5)
INFO: [Synth 8-5544] ROM "price_mem_reg[3]" won't be mapped to Block RAM because address size (2) smaller than threshold (5)
---------------------------------------------------------------------------------
Finished RTL Optimization Phase 2 : Time (s): cpu = 00:00:06 ; elapsed = 00:00:08 . Memory (MB): peak = 786.156 ; gain = 499.754
---------------------------------------------------------------------------------

Report RTL Partitions: 
+-+--------------+------------+----------+
| |RTL Partition |Replication |Instances |
+-+--------------+------------+----------+
+-+--------------+------------+----------+
---------------------------------------------------------------------------------
Start RTL Component Statistics 
---------------------------------------------------------------------------------
Detailed RTL Component Info : 
+---Adders : 
	   2 Input     19 Bit       Adders := 4     
	   3 Input      7 Bit       Adders := 1     
	   2 Input      4 Bit       Adders := 2     
	   2 Input      3 Bit       Adders := 1     
	   2 Input      2 Bit       Adders := 1     
+---Registers : 
	               32 Bit    Registers := 1     
	               19 Bit    Registers := 4     
	                7 Bit    Registers := 2     
	                4 Bit    Registers := 5     
	                3 Bit    Registers := 5     
	                2 Bit    Registers := 1     
	                1 Bit    Registers := 5     
+---Muxes : 
	   2 Input     32 Bit        Muxes := 2     
	   4 Input     32 Bit        Muxes := 1     
	   2 Input     19 Bit        Muxes := 8     
	   8 Input      8 Bit        Muxes := 1     
	   2 Input      7 Bit        Muxes := 2     
	   2 Input      4 Bit        Muxes := 2     
	   4 Input      4 Bit        Muxes := 1     
	   4 Input      3 Bit        Muxes := 1     
	   2 Input      1 Bit        Muxes := 16    
---------------------------------------------------------------------------------
Finished RTL Component Statistics 
---------------------------------------------------------------------------------
---------------------------------------------------------------------------------
Start RTL Hierarchical Component Statistics 
---------------------------------------------------------------------------------
Hierarchical RTL Component report 
Module vending_machine 
Detailed RTL Component Info : 
+---Adders : 
	   2 Input     19 Bit       Adders := 4     
	   3 Input      7 Bit       Adders := 1     
	   2 Input      4 Bit       Adders := 2     
	   2 Input      2 Bit       Adders := 1     
+---Registers : 
	               32 Bit    Registers := 1     
	               19 Bit    Registers := 4     
	                7 Bit    Registers := 2     
	                4 Bit    Registers := 5     
	                3 Bit    Registers := 4     
	                2 Bit    Registers := 1     
	                1 Bit    Registers := 5     
+---Muxes : 
	   2 Input     32 Bit        Muxes := 2     
	   2 Input     19 Bit        Muxes := 8     
	   2 Input      7 Bit        Muxes := 2     
	   2 Input      4 Bit        Muxes := 2     
	   4 Input      4 Bit        Muxes := 1     
	   4 Input      3 Bit        Muxes := 1     
	   2 Input      1 Bit        Muxes := 16    
Module Tube 
Detailed RTL Component Info : 
+---Adders : 
	   2 Input      3 Bit       Adders := 1     
+---Registers : 
	                3 Bit    Registers := 1     
+---Muxes : 
	   8 Input      8 Bit        Muxes := 1     
Module Tube_Display 
Detailed RTL Component Info : 
+---Muxes : 
	   4 Input     32 Bit        Muxes := 1     
---------------------------------------------------------------------------------
Finished RTL Hierarchical Component Statistics
---------------------------------------------------------------------------------
---------------------------------------------------------------------------------
Start Part Resource Summary
---------------------------------------------------------------------------------
Part Resources:
DSPs: 240 (col length:80)
BRAMs: 270 (col length: RAMB18 80 RAMB36 40)
---------------------------------------------------------------------------------
Finished Part Resource Summary
---------------------------------------------------------------------------------
---------------------------------------------------------------------------------
Start Cross Boundary and Area Optimization
---------------------------------------------------------------------------------
Warning: Parallel synthesis criteria is not met 
INFO: [Synth 8-5544] ROM "vm/price_mem_reg[3]" won't be mapped to Block RAM because address size (2) smaller than threshold (5)
INFO: [Synth 8-5544] ROM "vm/price_mem_reg[2]" won't be mapped to Block RAM because address size (2) smaller than threshold (5)
INFO: [Synth 8-5544] ROM "vm/price_mem_reg[1]" won't be mapped to Block RAM because address size (2) smaller than threshold (5)
INFO: [Synth 8-5544] ROM "vm/price_mem_reg[0]" won't be mapped to Block RAM because address size (2) smaller than threshold (5)
WARNING: [Synth 8-3331] design top has unconnected port SW[31]
WARNING: [Synth 8-3331] design top has unconnected port SW[30]
WARNING: [Synth 8-3331] design top has unconnected port SW[29]
WARNING: [Synth 8-3331] design top has unconnected port SW[28]
WARNING: [Synth 8-3331] design top has unconnected port SW[27]
WARNING: [Synth 8-3331] design top has unconnected port SW[26]
WARNING: [Synth 8-3331] design top has unconnected port SW[25]
WARNING: [Synth 8-3331] design top has unconnected port SW[24]
WARNING: [Synth 8-3331] design top has unconnected port SW[23]
WARNING: [Synth 8-3331] design top has unconnected port SW[22]
WARNING: [Synth 8-3331] design top has unconnected port SW[21]
WARNING: [Synth 8-3331] design top has unconnected port SW[20]
WARNING: [Synth 8-3331] design top has unconnected port SW[19]
WARNING: [Synth 8-3331] design top has unconnected port SW[18]
WARNING: [Synth 8-3331] design top has unconnected port SW[17]
WARNING: [Synth 8-3331] design top has unconnected port SW[16]
WARNING: [Synth 8-3331] design top has unconnected port SW[15]
WARNING: [Synth 8-3331] design top has unconnected port SW[14]
WARNING: [Synth 8-3331] design top has unconnected port SW[13]
WARNING: [Synth 8-3331] design top has unconnected port SW[12]
WARNING: [Synth 8-3331] design top has unconnected port SW[11]
WARNING: [Synth 8-3331] design top has unconnected port SW[10]
WARNING: [Synth 8-3331] design top has unconnected port SW[9]
WARNING: [Synth 8-3331] design top has unconnected port SW[8]
WARNING: [Synth 8-3331] design top has unconnected port BT[7]
WARNING: [Synth 8-3331] design top has unconnected port BT[6]
WARNING: [Synth 8-3331] design top has unconnected port BT[5]
WARNING: [Synth 8-3331] design top has unconnected port BT[4]
INFO: [Synth 8-3886] merging instance 'vm/disp_data_reg[28]' (FDC) to 'vm/disp_data_reg[11]'
INFO: [Synth 8-3886] merging instance 'vm/disp_data_reg[24]' (FDC) to 'vm/disp_data_reg[11]'
INFO: [Synth 8-3886] merging instance 'vm/disp_data_reg[20]' (FDC) to 'vm/disp_data_reg[11]'
INFO: [Synth 8-3886] merging instance 'vm/disp_data_reg[16]' (FDC) to 'vm/disp_data_reg[11]'
INFO: [Synth 8-3886] merging instance 'vm/disp_data_reg[29]' (FDC) to 'vm/disp_data_reg[11]'
INFO: [Synth 8-3886] merging instance 'vm/disp_data_reg[25]' (FDC) to 'vm/disp_data_reg[11]'
INFO: [Synth 8-3886] merging instance 'vm/disp_data_reg[21]' (FDC) to 'vm/disp_data_reg[11]'
INFO: [Synth 8-3886] merging instance 'vm/disp_data_reg[17]' (FDC) to 'vm/disp_data_reg[11]'
INFO: [Synth 8-3886] merging instance 'vm/disp_data_reg[30]' (FDC) to 'vm/disp_data_reg[11]'
INFO: [Synth 8-3886] merging instance 'vm/disp_data_reg[26]' (FDC) to 'vm/disp_data_reg[11]'
INFO: [Synth 8-3886] merging instance 'vm/disp_data_reg[22]' (FDC) to 'vm/disp_data_reg[11]'
INFO: [Synth 8-3886] merging instance 'vm/disp_data_reg[18]' (FDC) to 'vm/disp_data_reg[11]'
INFO: [Synth 8-3886] merging instance 'vm/disp_data_reg[14]' (FDC) to 'vm/disp_data_reg[11]'
INFO: [Synth 8-3886] merging instance 'vm/disp_data_reg[31]' (FDC) to 'vm/disp_data_reg[11]'
INFO: [Synth 8-3886] merging instance 'vm/disp_data_reg[27]' (FDC) to 'vm/disp_data_reg[11]'
INFO: [Synth 8-3886] merging instance 'vm/disp_data_reg[23]' (FDC) to 'vm/disp_data_reg[11]'
INFO: [Synth 8-3886] merging instance 'vm/disp_data_reg[19]' (FDC) to 'vm/disp_data_reg[11]'
INFO: [Synth 8-3886] merging instance 'vm/disp_data_reg[15]' (FDC) to 'vm/disp_data_reg[11]'
INFO: [Synth 8-3333] propagating constant 0 across sequential element (\vm/disp_data_reg[11] )
---------------------------------------------------------------------------------
Finished Cross Boundary and Area Optimization : Time (s): cpu = 00:00:07 ; elapsed = 00:00:09 . Memory (MB): peak = 786.156 ; gain = 499.754
---------------------------------------------------------------------------------

Report RTL Partitions: 
+-+--------------+------------+----------+
| |RTL Partition |Replication |Instances |
+-+--------------+------------+----------+
+-+--------------+------------+----------+
---------------------------------------------------------------------------------
Start Applying XDC Timing Constraints
---------------------------------------------------------------------------------
---------------------------------------------------------------------------------
Finished Applying XDC Timing Constraints : Time (s): cpu = 00:00:11 ; elapsed = 00:00:12 . Memory (MB): peak = 786.156 ; gain = 499.754
---------------------------------------------------------------------------------
---------------------------------------------------------------------------------
Start Timing Optimization
---------------------------------------------------------------------------------
---------------------------------------------------------------------------------
Finished Timing Optimization : Time (s): cpu = 00:00:11 ; elapsed = 00:00:12 . Memory (MB): peak = 786.156 ; gain = 499.754
---------------------------------------------------------------------------------

Report RTL Partitions: 
+-+--------------+------------+----------+
| |RTL Partition |Replication |Instances |
+-+--------------+------------+----------+
+-+--------------+------------+----------+
---------------------------------------------------------------------------------
Start Technology Mapping
---------------------------------------------------------------------------------
---------------------------------------------------------------------------------
Finished Technology Mapping : Time (s): cpu = 00:00:11 ; elapsed = 00:00:13 . Memory (MB): peak = 809.941 ; gain = 523.539
---------------------------------------------------------------------------------

Report RTL Partitions: 
+-+--------------+------------+----------+
| |RTL Partition |Replication |Instances |
+-+--------------+------------+----------+
+-+--------------+------------+----------+
---------------------------------------------------------------------------------
Start IO Insertion
---------------------------------------------------------------------------------
---------------------------------------------------------------------------------
Start Flattening Before IO Insertion
---------------------------------------------------------------------------------
---------------------------------------------------------------------------------
Finished Flattening Before IO Insertion
---------------------------------------------------------------------------------
---------------------------------------------------------------------------------
Start Final Netlist Cleanup
---------------------------------------------------------------------------------
---------------------------------------------------------------------------------
Finished Final Netlist Cleanup
---------------------------------------------------------------------------------
---------------------------------------------------------------------------------
Finished IO Insertion : Time (s): cpu = 00:00:11 ; elapsed = 00:00:13 . Memory (MB): peak = 809.941 ; gain = 523.539
---------------------------------------------------------------------------------

Report Check Netlist: 
+------+------------------+-------+---------+-------+------------------+
|      |Item              |Errors |Warnings |Status |Description       |
+------+------------------+-------+---------+-------+------------------+
|1     |multi_driven_nets |      0|        0|Passed |Multi driven nets |
+------+------------------+-------+---------+-------+------------------+
---------------------------------------------------------------------------------
Start Renaming Generated Instances
---------------------------------------------------------------------------------
---------------------------------------------------------------------------------
Finished Renaming Generated Instances : Time (s): cpu = 00:00:11 ; elapsed = 00:00:13 . Memory (MB): peak = 809.941 ; gain = 523.539
---------------------------------------------------------------------------------

Report RTL Partitions: 
+-+--------------+------------+----------+
| |RTL Partition |Replication |Instances |
+-+--------------+------------+----------+
+-+--------------+------------+----------+
---------------------------------------------------------------------------------
Start Rebuilding User Hierarchy
---------------------------------------------------------------------------------
---------------------------------------------------------------------------------
Finished Rebuilding User Hierarchy : Time (s): cpu = 00:00:11 ; elapsed = 00:00:13 . Memory (MB): peak = 809.941 ; gain = 523.539
---------------------------------------------------------------------------------
---------------------------------------------------------------------------------
Start Renaming Generated Ports
---------------------------------------------------------------------------------
---------------------------------------------------------------------------------
Finished Renaming Generated Ports : Time (s): cpu = 00:00:11 ; elapsed = 00:00:13 . Memory (MB): peak = 809.941 ; gain = 523.539
---------------------------------------------------------------------------------
---------------------------------------------------------------------------------
Start Handling Custom Attributes
---------------------------------------------------------------------------------
---------------------------------------------------------------------------------
Finished Handling Custom Attributes : Time (s): cpu = 00:00:11 ; elapsed = 00:00:13 . Memory (MB): peak = 809.941 ; gain = 523.539
---------------------------------------------------------------------------------
---------------------------------------------------------------------------------
Start Renaming Generated Nets
---------------------------------------------------------------------------------
---------------------------------------------------------------------------------
Finished Renaming Generated Nets : Time (s): cpu = 00:00:11 ; elapsed = 00:00:13 . Memory (MB): peak = 809.941 ; gain = 523.539
---------------------------------------------------------------------------------
---------------------------------------------------------------------------------
Start Writing Synthesis Report
---------------------------------------------------------------------------------

Report BlackBoxes: 
+-+--------------+----------+
| |BlackBox name |Instances |
+-+--------------+----------+
+-+--------------+----------+

Report Cell Usage: 
+------+-------+------+
|      |Cell   |Count |
+------+-------+------+
|1     |BUFG   |     1|
|2     |CARRY4 |    32|
|3     |LUT1   |    74|
|4     |LUT2   |    32|
|5     |LUT3   |    29|
|6     |LUT4   |    31|
|7     |LUT5   |    95|
|8     |LUT6   |    33|
|9     |MUXF7  |     1|
|10    |FDCE   |   182|
|11    |FDRE   |     7|
|12    |IBUF   |    16|
|13    |OBUF   |    16|
+------+-------+------+

Report Instance Areas: 
+------+---------------+----------------+------+
|      |Instance       |Module          |Cells |
+------+---------------+----------------+------+
|1     |top            |                |   549|
|2     |  tube_display |Tube_Display    |    50|
|3     |    The_Tube   |Tube            |    50|
|4     |  vm           |vending_machine |   466|
+------+---------------+----------------+------+
---------------------------------------------------------------------------------
Finished Writing Synthesis Report : Time (s): cpu = 00:00:11 ; elapsed = 00:00:13 . Memory (MB): peak = 809.941 ; gain = 523.539
---------------------------------------------------------------------------------
Synthesis finished with 0 errors, 0 critical warnings and 28 warnings.
Synthesis Optimization Runtime : Time (s): cpu = 00:00:07 ; elapsed = 00:00:09 . Memory (MB): peak = 809.941 ; gain = 179.551
Synthesis Optimization Complete : Time (s): cpu = 00:00:12 ; elapsed = 00:00:13 . Memory (MB): peak = 809.941 ; gain = 523.539
INFO: [Project 1-571] Translating synthesized netlist
INFO: [Netlist 29-17] Analyzing 33 Unisim elements for replacement
INFO: [Netlist 29-28] Unisim Transformation completed in 0 CPU seconds
INFO: [Project 1-570] Preparing netlist for logic optimization
INFO: [Opt 31-138] Pushed 0 inverter(s) to 0 load pin(s).
Netlist sorting complete. Time (s): cpu = 00:00:00 ; elapsed = 00:00:00 . Memory (MB): peak = 809.941 ; gain = 0.000
INFO: [Project 1-111] Unisim Transformation Summary:
No Unisim elements were transformed.

INFO: [Common 17-83] Releasing license: Synthesis
47 Infos, 57 Warnings, 1 Critical Warnings and 0 Errors encountered.
synth_design completed successfully
synth_design: Time (s): cpu = 00:00:12 ; elapsed = 00:00:15 . Memory (MB): peak = 809.941 ; gain = 536.000
Netlist sorting complete. Time (s): cpu = 00:00:00 ; elapsed = 00:00:00.001 . Memory (MB): peak = 809.941 ; gain = 0.000
WARNING: [Constraints 18-5210] No constraints selected for write.
Resolution: This message can indicate that there are no constraints for the design, or it can indicate that the used_in flags are set such that the constraints are ignored. This later case is used when running synth_design to not write synthesis constraints to the resulting checkpoint. Instead, project constraints are read when the synthesized design is opened.
INFO: [Common 17-1381] The checkpoint 'E:/vivado_project/vending_machine/vending_machine.runs/synth_1/top.dcp' has been generated.
INFO: [runtcl-4] Executing : report_utilization -file top_utilization_synth.rpt -pb top_utilization_synth.pb
INFO: [Common 17-206] Exiting Vivado at Wed Dec 31 16:57:13 2025...
