Copyright 1986-2018 Xilinx, Inc. All Rights Reserved.
------------------------------------------------------------------------------------
| Tool Version : Vivado v.2018.3 (win64) Build 2405991 Thu Dec  6 23:38:27 MST 2018
| Date         : Wed Dec 31 17:19:10 2025
| Host         : glockddd running 64-bit major release  (build 9200)
| Command      : report_control_sets -verbose -file top_control_sets_placed.rpt
| Design       : top
| Device       : xc7a100t
------------------------------------------------------------------------------------

Control Set Information

Table of Contents
-----------------
1. Summary
2. Histogram
3. Flip-Flop Distribution
4. Detailed Control Set Information

1. Summary
----------

+----------------------------------------------------------+-------+
|                          Status                          | Count |
+----------------------------------------------------------+-------+
| Number of unique control sets                            |    14 |
| Unused register locations in slices containing registers |    59 |
+----------------------------------------------------------+-------+


2. Histogram
------------

+--------+--------------+
| Fanout | Control Sets |
+--------+--------------+
|      3 |            5 |
|      4 |            5 |
|      7 |            2 |
|    16+ |            2 |
+--------+--------------+


3. Flip-Flop Distribution
-------------------------

+--------------+-----------------------+------------------------+-----------------+--------------+
| Clock Enable | Synchronous Set/Reset | Asynchronous Set/Reset | Total Registers | Total Slices |
+--------------+-----------------------+------------------------+-----------------+--------------+
| No           | No                    | No                     |               0 |            0 |
| No           | No                    | Yes                    |             116 |           43 |
| No           | Yes                   | No                     |               0 |            0 |
| Yes          | No                    | No                     |               7 |            3 |
| Yes          | No                    | Yes                    |              66 |           20 |
| Yes          | Yes                   | No                     |               0 |            0 |
+--------------+-----------------------+------------------------+-----------------+--------------+


4. Detailed Control Set Information
-----------------------------------

+----------------------------------+----------------------------+------------------+------------------+----------------+
|           Clock Signal           |        Enable Signal       | Set/Reset Signal | Slice Load Count | Bel Load Count |
+----------------------------------+----------------------------+------------------+------------------+----------------+
|  clk_100M_IBUF_BUFG              | vm/price_mem[2][2]_i_1_n_0 | rst_IBUF         |                1 |              3 |
|  clk_100M_IBUF_BUFG              | vm/price_mem               | rst_IBUF         |                1 |              3 |
|  clk_100M_IBUF_BUFG              | vm/price_mem[3][2]_i_1_n_0 | rst_IBUF         |                1 |              3 |
|  clk_100M_IBUF_BUFG              | vm/price_mem[1][2]_i_1_n_0 | rst_IBUF         |                1 |              3 |
|  tube_display/The_Tube/clk_fresh |                            | rst_IBUF         |                1 |              3 |
|  clk_100M_IBUF_BUFG              | vm/buy_cnt[3]_i_1_n_0      | rst_IBUF         |                1 |              4 |
|  clk_100M_IBUF_BUFG              | vm/stock_mem[0][3]_i_1_n_0 | rst_IBUF         |                1 |              4 |
|  clk_100M_IBUF_BUFG              | vm/stock_mem[1][3]_i_1_n_0 | rst_IBUF         |                1 |              4 |
|  clk_100M_IBUF_BUFG              | vm/stock_mem[2][3]_i_1_n_0 | rst_IBUF         |                1 |              4 |
|  clk_100M_IBUF_BUFG              | vm/stock_mem[3][3]_i_1_n_0 | rst_IBUF         |                1 |              4 |
|  clk_100M_IBUF_BUFG              | vm/coin                    | rst_IBUF         |                4 |              7 |
|  clk_100M_IBUF_BUFG              | vm/refund_coin_0           |                  |                3 |              7 |
|  clk_100M_IBUF_BUFG              | vm/refund_timer            | rst_IBUF         |                7 |             27 |
|  clk_100M_IBUF_BUFG              |                            | rst_IBUF         |               42 |            113 |
+----------------------------------+----------------------------+------------------+------------------+----------------+


